╔═══════════════════════════════════════════════════════════════════════════╗
║                    SURGICAL PRUNING — Multi-Agent                          ║
║                     Surgical, Auditable Codebase Pruning                   ║
╚═══════════════════════════════════════════════════════════════════════════╝

Target: /home/ewaldt/Documents/VS/GAMES/BudgetBITCH
Prompt: audit dead code, conservative
Dry Run: NO
Execute deletions (Agent 4A/4B): NO (plan only)

┌─────────────────────────────────────────────────────────────────────────────┐
│ AGENT 1: PRUNE-REVIEWER — System Cartographer                              │
└─────────────────────────────────────────────────────────────────────────────┘
[PRUNE-REVIEWER] Starting scan of /home/ewaldt/Documents/VS/GAMES/BudgetBITCH
[PRUNE-REVIEWER] Scanned 54545 files in 4656 folders
[PRUNE-REVIEWER] Handoff written to /home/ewaldt/Documents/VS/GAMES/BudgetBITCH/.prune/handoff-reviewer.json

┌─────────────────────────────────────────────────────────────────────────────┐
│ AGENT 2: PRUNE-RESEARCHER — Practice Investigator                          │
└─────────────────────────────────────────────────────────────────────────────┘
[PRUNE-RESEARCHER] Analyzing prompt and researching best practices
[PRUNE-RESEARCHER] Handoff written to /home/ewaldt/Documents/VS/GAMES/BudgetBITCH/.prune/handoff-researcher.json

┌─────────────────────────────────────────────────────────────────────────────┐
│ AGENT 3: PRUNING-PLANNER — Interactive HTML Generator                      │
└─────────────────────────────────────────────────────────────────────────────┘
Planner output: /home/ewaldt/Documents/VS/GAMES/BudgetBITCH/docs/surgical-pruning-0818-BudgetBITCH.html

⚠ Skipping Agents 4A/4B execution — --execute not set.
  The plan is persisted at .prune/PRUNE_MANIFEST.json (dry-run marker).
  Re-run with --execute to apply deletions through the guardian-executor.

┌─────────────────────────────────────────────────────────────────────────────┐
│ AGENTS 5/6/7: DEBRIEFER · CODEBASE-AUDITOR · RESEARCHER v2                   │
└─────────────────────────────────────────────────────────────────────────────┘
Debriefer: skipped (no execution report yet).
Auditor: 977 smells, 48909 orphans.
Researcher v2: 981 suggestions.

════════════════════════════════════════════════════════════════
PIPELINE STATUS — ALL 7 AGENTS IMPLEMENTED
  ✅ PRUNE-REVIEWER  (Agent 1): implemented & run
  ✅ PRUNE-RESEARCHER (Agent 2): implemented & run
  ✅ PRUNING-PLANNER (Agent 3): implemented & run (HTML generated)
  ✅ GUARDIAN-EXECUTOR (Agent 4A): implemented (runs if manifest present)
  ✅ GUARDIAN-VERIFIER (Agent 4B): implemented (runs if manifest present)
  ✅ DEBRIEFER (Agent 5): implemented
  ✅ CODEBASE-AUDITOR (Agent 6): implemented
  ✅ RESEARCHER v2 (Agent 7): implemented
════════════════════════════════════════════════════════════════

✅ Implemented phases complete (Agents 1-2). Agents 3-7 pending — see status above.
